The quick brown fox jumps over the lazy dog.Don't worry, spiders,
I keep house 
casually.