     1	The quick brown fox jumps over the lazy dog.Don't worry, spiders,
     2	I keep house 
     3	casually.